[     680ms] [INFO] Banner not shown: beforeinstallpromptevent.preventDefault() called. The page must call beforeinstallpromptevent.prompt() to show the banner. @ https://www.instagram.com/la_tragoneria/:0
[     756ms] [LOG] 
%cStop! font-family:helvetica; font-size:20px; font-size:50px; font-weight:bold; color:red; -webkit-text-stroke:1px black; @ https://static.cdninstagram.com/rsrc.php/v4/ym/r/t_lX-67hSLT.js:244
[     756ms] [LOG] 
%cThis is a browser feature intended for developers. If someone told you to copy-paste something here to enable an Instagram feature or "hack" someone's account, it is a scam and will give them access to your Instagram account. font-family:helvetica; font-size:20px;  @ https://static.cdninstagram.com/rsrc.php/v4/ym/r/t_lX-67hSLT.js:244
[     756ms] [LOG] 
%cSee https://www.facebook.com/selfxss for more information. font-family:helvetica; font-size:20px;  @ https://static.cdninstagram.com/rsrc.php/v4/ym/r/t_lX-67hSLT.js:244
[     756ms] [LOG] 
%c  @ https://static.cdninstagram.com/rsrc.php/v4/ym/r/t_lX-67hSLT.js:244
[    2305ms] [ERROR] ErrorUtils caught an error:

GraphQL operation responded with error 1675004: Rate limit exceeded (Operation: PolarisProfilePageContentQuery)
 [Caught in: caught error in module c [from CometTransientDialogProvider.react] (base)]

Subsequent non-fatal errors won't be logged; see https://fburl.com/debugjs. {column: 241, clientTime: 1779838405, componentStackFrames: Array(143), extra: Object, guardList: Array(1)} @ https://static.cdninstagram.com/rsrc.php/v4/ym/r/t_lX-67hSLT.js:78
[    6787ms] [LOG] 
%cStop! font-family:helvetica; font-size:20px; font-size:50px; font-weight:bold; color:red; -webkit-text-stroke:1px black; @ https://static.cdninstagram.com/rsrc.php/v4/ym/r/t_lX-67hSLT.js:244
[    6787ms] [LOG] 
%cThis is a browser feature intended for developers. If someone told you to copy-paste something here to enable an Instagram feature or "hack" someone's account, it is a scam and will give them access to your Instagram account. font-family:helvetica; font-size:20px;  @ https://static.cdninstagram.com/rsrc.php/v4/ym/r/t_lX-67hSLT.js:244
[    6787ms] [LOG] 
%cSee https://www.facebook.com/selfxss for more information. font-family:helvetica; font-size:20px;  @ https://static.cdninstagram.com/rsrc.php/v4/ym/r/t_lX-67hSLT.js:244
[    6787ms] [LOG] 
%c  @ https://static.cdninstagram.com/rsrc.php/v4/ym/r/t_lX-67hSLT.js:244
[    6844ms] [INFO] Banner not shown: beforeinstallpromptevent.preventDefault() called. The page must call beforeinstallpromptevent.prompt() to show the banner. @ https://www.instagram.com/la_tragoneria/:0
[    8656ms] [ERROR] Failed to load resource: the server responded with a status of 400 () @ https://www.instagram.com/graphql/query/?doc_id=18113378221181848&variables=%7B%22include_chaining%22%3Afalse%2C%22include_highlight_reels%22%3Afalse%2C%22include_live_status%22%3Afalse%2C%22include_logged_out_extras%22%3Atrue%2C%22include_reel%22%3Afalse%2C%22include_suggested_users%22%3Afalse%2C%22user_id%22%3A%222127258562%22%7D:0
[    8662ms] [ERROR] ErrorUtils caught an error:

 [Caught in: unexpected]

Subsequent non-fatal errors won't be logged; see https://fburl.com/debugjs. {clientTime: 1779838411, extra: Object, guardList: Array(0), hash: b30ix2, isNormalizedError: true} @ https://static.cdninstagram.com/rsrc.php/v4/ym/r/t_lX-67hSLT.js:78
